// Jest Snapshot v1, https://goo.gl/fbAQLP

exports[`TwoColLayout should render correctly 1`] = `ShallowWrapper {}`;
